---
source: tests/cli.rs
info:
  program: concat-strs.my.out
  args: []
input_file: tests/input/bin_ops/concat-strs.my
---
success: true
exit_code: 0
----- stdout -----
hi world

----- stderr -----
