---
source: tests/cli.rs
info:
  program: add.my.out
  args: []
input_file: tests/input/fn/add.my
---
success: true
exit_code: 0
----- stdout -----
28

----- stderr -----
