---
source: tests/cli.rs
info:
  program: print-float.my.out
  args: []
input_file: tests/input/print/print-float.my
---
success: true
exit_code: 0
----- stdout -----
1.100000

----- stderr -----
