---
source: tests/cli.rs
info:
  program: print-neg-float.my.out
  args: []
input_file: tests/input/unary/print-neg-float.my
---
success: true
exit_code: 0
----- stdout -----
-10.200000

----- stderr -----
