---
source: src/parser.rs
expression: parser.parse().unwrap()
---
- Expr:
    expr:
      Binary:
        left:
          Literal:
            value:
              Integer: 1
        op:
          type: EqualEqual
          lexeme: "=="
          literal: ~
          line: 1
        right:
          Literal:
            value:
              Integer: 2
